[bitcoinvanitygen.com/index.html]
[backblue.gif]
[fade.gif]
[index.html]
[bitcoinvanitygen.com/btc.css]
[bitcoinvanitygen.com/pure.css]
[bitcoinvanitygen.com/bitcoinvanityaddress.html]
[bitcoinvanitygen.com/img/logo.jpg]
[bitcoinvanitygen.com/index-2.html]
[bitcoinvanitygen.com/vanity-bulk.html]
[bitcoinvanitygen.com/faq.html]
[bitcoinvanitygen.com/contact.html]
[bitcoinvanitygen.com/bitcoin-vanity-address.html]
[bitcoinvanitygen.com/index.html]
[bitcoinvanitygen.com/btc.css]
[bitcoinvanitygen.com/pure.css]
[bitcoinvanitygen.com/bitcoin-paper-wallet.html]
[bitcoinvanitygen.com/img/view.png]
[bitcoinvanitygen.com/img/bitcoin-address-generator-1.png]
[bitcoinvanitygen.com/img/bitcoin-address-generator-2.png]
[bitcoinvanitygen.com/img/bitcoin-address-generator-3.png]
[bitcoinvanitygen.com/img/bitcoin-address-generator-4.png]
[bitcoinvanitygen.com/img/bitcoin-address-generator-5.png]
[bitcoinvanitygen.com/bitcoinvanityaddress.html]
[bitcoinvanitygen.com/index-2.html]
[bitcoinvanitygen.com/vanity-bulk.html]
[bitcoinvanitygen.com/faq.html]
[bitcoinvanitygen.com/img/captcha.png]
[bitcoinvanitygen.com/contact.html]
[bitcoinvanitygen.com/bitcoin-vanity-address.html]
[bitcoinvanitygen.com/bitcoin-paper-wallet.html]
